SQL> select * from termdev;

00002 1293                                                                      
00005 1318                                                                      
00018 1337                                                                      
00019 1495                                                                      
00022 1682                                                                      
00024 1332                                                                      
00025 1410                                                                      
00026 1554                                                                      
00033 1642                                                                      
00037 1659                                                                      
00038 1128                                                                      
00039 1651                                                                      
00040 1478                                                                      
00041 1722                                                                      
00042 1609                                                                      
00043 1674                                                                      
00044 1291                                                                      
00045 0048                                                                      
00045 0049                                                                      
00046 1059                                                                      
00046 1060                                                                      
00047 1515                                                                      
00048 1187                                                                      
00049 1163                                                                      
00049 1164                                                                      
00052 1535                                                                      
00053 1547                                                                      
00054 1568                                                                      
00055 1311                                                                      
00056 1292                                                                      
00057 1706                                                                      
00058 1207                                                                      
00059 1110                                                                      
00060 1294                                                                      
00060 1295                                                                      
00061 1289                                                                      
00063 0904                                                                      
00064 0988                                                                      
00064 0989                                                                      
00065 1272                                                                      
00066 1594                                                                      
00067 1393                                                                      
00068 1467                                                                      
00069 0036                                                                      
00070 1369                                                                      
00071 1352                                                                      
00074 1635                                                                      
00075 1786                                                                      
00075 1787                                                                      

